Exit Code: 0
STDOUT:
Usage: ono build [input] [options]
Build JSX files to static HTML
Arguments:
  input                  File or directory to build (default: pages)
Options:
  --output <dir>         Output directory (default: dist)
  --help                 Show this help message
Examples:
  ono build              Build all pages in pages/ directory
  ono build pages/index.jsx   Build a single file
  ono build --output build   Build to build/ directory
STDERR: