import { useState } from 'react';
import { Header } from './components/Header';
import { Footer } from './components/Footer';
export default function App() {
    const [count, setCount] = useState(0);
    return (h("div", { className: "app" },
        h(Header, { title: "My App" }),
        h("main", null,
            h("h1", null,
                "Counter: ",
                count),
            h("button", { onClick: () => setCount(count + 1) }, "Increment"),
            h("button", { onClick: () => setCount(count - 1) }, "Decrement")),
        h(Footer, null)));
}